matching yolov8n-pose [full]...
  excluded 0/19500 (shoulder_ratio < 0.8), n_images=6500
matching yolov8n-pose [mixed]...
  excluded 0/19500 (shoulder_ratio < 0.8), n_images=6500
matching yolov8s-pose [full]...
  excluded 14/19500 (shoulder_ratio < 0.8), n_images=6496
matching yolov8s-pose [mixed]...
  excluded 0/19500 (shoulder_ratio < 0.8), n_images=6500
matching yolov8m-pose [full]...
  excluded 0/19500 (shoulder_ratio < 0.8), n_images=6500
matching yolov8m-pose [mixed]...
  excluded 0/19500 (shoulder_ratio < 0.8), n_images=6500
matching yolov8l-pose [full]...
  excluded 0/19500 (shoulder_ratio < 0.8), n_images=6500
matching yolov8l-pose [mixed]...
  excluded 0/19500 (shoulder_ratio < 0.8), n_images=6500
matching yolo11n-pose [full]...
  excluded 0/19500 (shoulder_ratio < 0.8), n_images=6500
matching yolo11n-pose [mixed]...
  excluded 0/19500 (shoulder_ratio < 0.8), n_images=6500
matching yolo11s-pose [full]...
  excluded 0/19500 (shoulder_ratio < 0.8), n_images=6500
matching yolo11s-pose [mixed]...
  excluded 0/19500 (shoulder_ratio < 0.8), n_images=6500
matching yolo11m-pose [full]...
  excluded 0/19500 (shoulder_ratio < 0.8), n_images=6500
matching yolo11m-pose [mixed]...
  excluded 0/19500 (shoulder_ratio < 0.8), n_images=6500
matching yolo11l-pose [full]...
  excluded 0/19500 (shoulder_ratio < 0.8), n_images=6500
matching yolo11l-pose [mixed]...
  excluded 0/19500 (shoulder_ratio < 0.8), n_images=6500
matching yolo26n-pose [full]...
  excluded 694/19322 (shoulder_ratio < 0.8), n_images=6417
matching yolo26n-pose [mixed]...
  excluded 0/19312 (shoulder_ratio < 0.8), n_images=6485
matching yolo26s-pose [full]...
  excluded 0/19052 (shoulder_ratio < 0.8), n_images=6499
matching yolo26s-pose [mixed]...
  excluded 0/19065 (shoulder_ratio < 0.8), n_images=6500
matching yolo26m-pose [full]...
  excluded 0/19464 (shoulder_ratio < 0.8), n_images=6499
matching yolo26m-pose [mixed]...
  excluded 0/19451 (shoulder_ratio < 0.8), n_images=6497
matching yolo26l-pose [full]...
  excluded 0/19382 (shoulder_ratio < 0.8), n_images=6484
matching yolo26l-pose [mixed]...
  excluded 0/19384 (shoulder_ratio < 0.8), n_images=6479

saved C:\Users\user\pose_quant_env\J_exp_data\1-4_pc_multimodel_hands_down_synthetic_samples_0\charts\oks_1_4_master_table.csv (408 rows)
saved C:\Users\user\pose_quant_env\J_exp_data\1-4_pc_multimodel_hands_down_synthetic_samples_0\charts\oks_1_4_hero_full.png (+.svg, +.pdf)
saved C:\Users\user\pose_quant_env\J_exp_data\1-4_pc_multimodel_hands_down_synthetic_samples_0\charts\oks_1_4_hero_mixed.png (+.svg, +.pdf)
saved C:\Users\user\pose_quant_env\J_exp_data\1-4_pc_multimodel_hands_down_synthetic_samples_0\charts\oks_1_4_size_trend.png (+.svg, +.pdf)
saved C:\Users\user\pose_quant_env\J_exp_data\1-4_pc_multimodel_hands_down_synthetic_samples_0\charts\oks_1_4_full_vs_mixed_delta.png (+.svg, +.pdf)

full->mixed wrist OKS delta per model:
  yolov8n-pose     0.0362
  yolo11n-pose     0.0524
  yolo26n-pose     0.1624
  yolov8s-pose     0.0361
  yolo11s-pose     0.0463
  yolo26s-pose     0.0092
  yolov8m-pose     0.0365
  yolo11m-pose     0.0290
  yolo26m-pose     0.0090
  yolov8l-pose     0.0146
  yolo11l-pose     0.0081
  yolo26l-pose     0.0438
saved C:\Users\user\pose_quant_env\J_exp_data\1-4_pc_multimodel_hands_down_synthetic_samples_0\charts\oks_1_4_head_anomaly_crossmodel.png (+.svg, +.pdf)

DONE
